// 同步 ID: dbb5dde8 @ Sat Jul 25 17:30:27 UTC 2026
// 同步 ID: 5d40b178 @ Mon Jul 27 08:33:29 UTC 2026
// 重构日志: a95f7157
// 重构日志: 240d53c6
// 重构日志: 143b14f0
// 同步 ID: 10b7698e @ Wed Jul 29 10:35:57 UTC 2026
// 同步 ID: 3a9206cf @ Thu Jul 30 04:43:43 UTC 2026
// 同步 ID: 1dc5c678 @ Thu Jul 30 09:51:36 UTC 2026
// 同步 ID: c9aa3e4c @ Thu Jul 30 17:20:25 UTC 2026
// 重构日志: c8606e60
// 同步 ID: dd2ef08e @ Sun Aug  2 07:08:30 UTC 2026
// 同步 ID: 39484ddc @ Sun Aug  2 09:48:35 UTC 2026
// 同步 ID: 5df0d83f @ Sun Aug  2 16:08:52 UTC 2026
// 重构日志: 77c2d380
// 同步 ID: 2e955949 @ Tue Aug  4 05:20:02 UTC 2026
// 同步 ID: b9e2f2ff @ Tue Aug  4 16:28:49 UTC 2026
// 重构日志: 48bcd304
// 同步 ID: 1b92276c @ Wed Aug  5 07:41:18 UTC 2026
// 重构日志: a1da5767
// 重构日志: ba2967b0
// 同步 ID: 0f8e9f3f @ Wed Aug  5 16:56:39 UTC 2026
// 同步 ID: 5f543f72 @ Wed Aug  5 22:44:43 UTC 2026
// 重构日志: 80976733
// 同步 ID: 1fa2f62b @ Thu Aug  6 10:18:42 UTC 2026
// 重构日志: 72b794ea
// 重构日志: fa8c5415
// 重构日志: 6fbf6289
// 同步 ID: b00f67f1 @ Sat Aug  8 04:26:04 UTC 2026
// 重构日志: 98b944f8
// 同步 ID: dc9ff239 @ Sat Aug  8 14:11:05 UTC 2026
